Archive member included to satisfy reference by file (symbol)

d:/programs/7.0/toolchain/avr8/avr8-gnu-toolchain/bin/../lib/gcc/avr/5.4.0/../../../../avr/lib/avr5\libm.a(addsf3.o)
                              Hal/Lcd/Lcd.o (__subsf3)
d:/programs/7.0/toolchain/avr8/avr8-gnu-toolchain/bin/../lib/gcc/avr/5.4.0/../../../../avr/lib/avr5\libm.a(addsf3x.o)
                              d:/programs/7.0/toolchain/avr8/avr8-gnu-toolchain/bin/../lib/gcc/avr/5.4.0/../../../../avr/lib/avr5\libm.a(addsf3.o) (__addsf3x)
d:/programs/7.0/toolchain/avr8/avr8-gnu-toolchain/bin/../lib/gcc/avr/5.4.0/../../../../avr/lib/avr5\libm.a(cmpsf2.o)
                              Hal/Lcd/Lcd.o (__eqsf2)
d:/programs/7.0/toolchain/avr8/avr8-gnu-toolchain/bin/../lib/gcc/avr/5.4.0/../../../../avr/lib/avr5\libm.a(divsf3.o)
                              Hal/Servo/Servo.o (__divsf3)
d:/programs/7.0/toolchain/avr8/avr8-gnu-toolchain/bin/../lib/gcc/avr/5.4.0/../../../../avr/lib/avr5\libm.a(divsf3x.o)
                              d:/programs/7.0/toolchain/avr8/avr8-gnu-toolchain/bin/../lib/gcc/avr/5.4.0/../../../../avr/lib/avr5\libm.a(divsf3.o) (__divsf3x)
d:/programs/7.0/toolchain/avr8/avr8-gnu-toolchain/bin/../lib/gcc/avr/5.4.0/../../../../avr/lib/avr5\libm.a(fixunssfsi.o)
                              Hal/Lcd/Lcd.o (__fixunssfsi)
d:/programs/7.0/toolchain/avr8/avr8-gnu-toolchain/bin/../lib/gcc/avr/5.4.0/../../../../avr/lib/avr5\libm.a(floatsisf.o)
                              Hal/Lcd/Lcd.o (__floatunsisf)
d:/programs/7.0/toolchain/avr8/avr8-gnu-toolchain/bin/../lib/gcc/avr/5.4.0/../../../../avr/lib/avr5\libm.a(fp_cmp.o)
                              d:/programs/7.0/toolchain/avr8/avr8-gnu-toolchain/bin/../lib/gcc/avr/5.4.0/../../../../avr/lib/avr5\libm.a(cmpsf2.o) (__fp_cmp)
d:/programs/7.0/toolchain/avr8/avr8-gnu-toolchain/bin/../lib/gcc/avr/5.4.0/../../../../avr/lib/avr5\libm.a(fp_inf.o)
                              d:/programs/7.0/toolchain/avr8/avr8-gnu-toolchain/bin/../lib/gcc/avr/5.4.0/../../../../avr/lib/avr5\libm.a(addsf3x.o) (__fp_inf)
d:/programs/7.0/toolchain/avr8/avr8-gnu-toolchain/bin/../lib/gcc/avr/5.4.0/../../../../avr/lib/avr5\libm.a(fp_nan.o)
                              d:/programs/7.0/toolchain/avr8/avr8-gnu-toolchain/bin/../lib/gcc/avr/5.4.0/../../../../avr/lib/avr5\libm.a(addsf3x.o) (__fp_nan)
d:/programs/7.0/toolchain/avr8/avr8-gnu-toolchain/bin/../lib/gcc/avr/5.4.0/../../../../avr/lib/avr5\libm.a(fp_pscA.o)
                              d:/programs/7.0/toolchain/avr8/avr8-gnu-toolchain/bin/../lib/gcc/avr/5.4.0/../../../../avr/lib/avr5\libm.a(addsf3x.o) (__fp_pscA)
d:/programs/7.0/toolchain/avr8/avr8-gnu-toolchain/bin/../lib/gcc/avr/5.4.0/../../../../avr/lib/avr5\libm.a(fp_pscB.o)
                              d:/programs/7.0/toolchain/avr8/avr8-gnu-toolchain/bin/../lib/gcc/avr/5.4.0/../../../../avr/lib/avr5\libm.a(addsf3x.o) (__fp_pscB)
d:/programs/7.0/toolchain/avr8/avr8-gnu-toolchain/bin/../lib/gcc/avr/5.4.0/../../../../avr/lib/avr5\libm.a(fp_round.o)
                              d:/programs/7.0/toolchain/avr8/avr8-gnu-toolchain/bin/../lib/gcc/avr/5.4.0/../../../../avr/lib/avr5\libm.a(addsf3.o) (__fp_round)
d:/programs/7.0/toolchain/avr8/avr8-gnu-toolchain/bin/../lib/gcc/avr/5.4.0/../../../../avr/lib/avr5\libm.a(fp_split3.o)
                              d:/programs/7.0/toolchain/avr8/avr8-gnu-toolchain/bin/../lib/gcc/avr/5.4.0/../../../../avr/lib/avr5\libm.a(addsf3x.o) (__fp_split3)
d:/programs/7.0/toolchain/avr8/avr8-gnu-toolchain/bin/../lib/gcc/avr/5.4.0/../../../../avr/lib/avr5\libm.a(fp_zero.o)
                              d:/programs/7.0/toolchain/avr8/avr8-gnu-toolchain/bin/../lib/gcc/avr/5.4.0/../../../../avr/lib/avr5\libm.a(addsf3x.o) (__fp_zero)
d:/programs/7.0/toolchain/avr8/avr8-gnu-toolchain/bin/../lib/gcc/avr/5.4.0/../../../../avr/lib/avr5\libm.a(gesf2.o)
                              Hal/Lcd/Lcd.o (__gtsf2)
d:/programs/7.0/toolchain/avr8/avr8-gnu-toolchain/bin/../lib/gcc/avr/5.4.0/../../../../avr/lib/avr5\libm.a(mulsf3.o)
                              Hal/Lcd/Lcd.o (__mulsf3)
d:/programs/7.0/toolchain/avr8/avr8-gnu-toolchain/bin/../lib/gcc/avr/5.4.0/../../../../avr/lib/avr5\libm.a(mulsf3x.o)
                              d:/programs/7.0/toolchain/avr8/avr8-gnu-toolchain/bin/../lib/gcc/avr/5.4.0/../../../../avr/lib/avr5\libm.a(mulsf3.o) (__mulsf3x)
d:/programs/7.0/toolchain/avr8/avr8-gnu-toolchain/bin/../lib/gcc/avr/5.4.0/avr5\libgcc.a(_divmodhi4.o)
                              Mcal/Timer0/Timer0.o (__divmodhi4)
d:/programs/7.0/toolchain/avr8/avr8-gnu-toolchain/bin/../lib/gcc/avr/5.4.0/avr5\libgcc.a(_udivmodsi4.o)
                              Hal/Lcd/Lcd.o (__udivmodsi4)
d:/programs/7.0/toolchain/avr8/avr8-gnu-toolchain/bin/../lib/gcc/avr/5.4.0/avr5\libgcc.a(_divmodsi4.o)
                              Mcal/Timer1/Timer1.o (__divmodsi4)
d:/programs/7.0/toolchain/avr8/avr8-gnu-toolchain/bin/../lib/gcc/avr/5.4.0/avr5\libgcc.a(_negsi2.o)
                              d:/programs/7.0/toolchain/avr8/avr8-gnu-toolchain/bin/../lib/gcc/avr/5.4.0/avr5\libgcc.a(_divmodsi4.o) (__negsi2)
d:/programs/7.0/toolchain/avr8/avr8-gnu-toolchain/bin/../lib/gcc/avr/5.4.0/avr5\libgcc.a(_exit.o)
                              D:/Programs/7.0/Packs/atmel/ATmega_DFP/1.6.364/gcc/dev/atmega32/avr5/crtatmega32.o (exit)
d:/programs/7.0/toolchain/avr8/avr8-gnu-toolchain/bin/../lib/gcc/avr/5.4.0/avr5\libgcc.a(_copy_data.o)
                              Hal/Keypad/Keypad.o (__do_copy_data)
d:/programs/7.0/toolchain/avr8/avr8-gnu-toolchain/bin/../lib/gcc/avr/5.4.0/avr5\libgcc.a(_clear_bss.o)
                              Mcal/ExtInt/ExtInt.o (__do_clear_bss)
d:/programs/7.0/toolchain/avr8/avr8-gnu-toolchain/bin/../lib/gcc/avr/5.4.0/avr5\libgcc.a(_umulhisi3.o)
                              Hal/Lm35/Lm35.o (__umulhisi3)
d:/programs/7.0/toolchain/avr8/avr8-gnu-toolchain/bin/../lib/gcc/avr/5.4.0/avr5\libgcc.a(_muluhisi3.o)
                              Mcal/Timer0/Timer0.o (__muluhisi3)
d:/programs/7.0/toolchain/avr8/avr8-gnu-toolchain/bin/../lib/gcc/avr/5.4.0/avr5\libgcc.a(_udivmodhi4.o)
                              d:/programs/7.0/toolchain/avr8/avr8-gnu-toolchain/bin/../lib/gcc/avr/5.4.0/avr5\libgcc.a(_divmodhi4.o) (__udivmodhi4)

Discarded input sections

 .data          0x00000000        0x0 D:/Programs/7.0/Packs/atmel/ATmega_DFP/1.6.364/gcc/dev/atmega32/avr5/crtatmega32.o
 .bss           0x00000000        0x0 D:/Programs/7.0/Packs/atmel/ATmega_DFP/1.6.364/gcc/dev/atmega32/avr5/crtatmega32.o
 .text          0x00000000        0x0 App/main.o
 .data          0x00000000        0x0 App/main.o
 .bss           0x00000000        0x0 App/main.o
 .text          0x00000000        0x0 App/Test.o
 .data          0x00000000        0x0 App/Test.o
 .bss           0x00000000        0x0 App/Test.o
 .debug_line    0x00000000        0x0 App/Test.o
 .debug_str     0x00000000      0x10c App/Test.o
 .comment       0x00000000       0x31 App/Test.o
 .text          0x00000000        0x0 Hal/Bluetooth_HC05/Bluetooth_HC05.o
 .data          0x00000000        0x0 Hal/Bluetooth_HC05/Bluetooth_HC05.o
 .bss           0x00000000        0x0 Hal/Bluetooth_HC05/Bluetooth_HC05.o
 .text.H_Bluetooth_HC05_Init
                0x00000000        0x6 Hal/Bluetooth_HC05/Bluetooth_HC05.o
 .text.H_Bluetooth_HC05_Send
                0x00000000        0x6 Hal/Bluetooth_HC05/Bluetooth_HC05.o
 .text.H_Bluetooth_HC05_Receive
                0x00000000        0x6 Hal/Bluetooth_HC05/Bluetooth_HC05.o
 .debug_info    0x00000000      0x127 Hal/Bluetooth_HC05/Bluetooth_HC05.o
 .debug_abbrev  0x00000000       0xcc Hal/Bluetooth_HC05/Bluetooth_HC05.o
 .debug_loc     0x00000000       0x40 Hal/Bluetooth_HC05/Bluetooth_HC05.o
 .debug_aranges
                0x00000000       0x30 Hal/Bluetooth_HC05/Bluetooth_HC05.o
 .debug_ranges  0x00000000       0x20 Hal/Bluetooth_HC05/Bluetooth_HC05.o
 .debug_line    0x00000000       0xb9 Hal/Bluetooth_HC05/Bluetooth_HC05.o
 .debug_str     0x00000000      0x208 Hal/Bluetooth_HC05/Bluetooth_HC05.o
 .comment       0x00000000       0x31 Hal/Bluetooth_HC05/Bluetooth_HC05.o
 .debug_frame   0x00000000       0x44 Hal/Bluetooth_HC05/Bluetooth_HC05.o
 .text          0x00000000        0x0 Hal/DcMotor/DcMotor.o
 .data          0x00000000        0x0 Hal/DcMotor/DcMotor.o
 .bss           0x00000000        0x0 Hal/DcMotor/DcMotor.o
 .text.H_DcMotor_DcMotorInit
                0x00000000       0x16 Hal/DcMotor/DcMotor.o
 .text.H_DcMotor_DcMotorSetDirection
                0x00000000       0x2e Hal/DcMotor/DcMotor.o
 .text.H_DcMotor_DcMotorSetSpeed
                0x00000000        0x6 Hal/DcMotor/DcMotor.o
 .text.H_DcMotor_DcMotorStart
                0x00000000        0x6 Hal/DcMotor/DcMotor.o
 .text.H_DcMotor_DcMotorStop
                0x00000000        0x6 Hal/DcMotor/DcMotor.o
 .debug_info    0x00000000      0x239 Hal/DcMotor/DcMotor.o
 .debug_abbrev  0x00000000       0xa3 Hal/DcMotor/DcMotor.o
 .debug_loc     0x00000000       0x5b Hal/DcMotor/DcMotor.o
 .debug_aranges
                0x00000000       0x40 Hal/DcMotor/DcMotor.o
 .debug_ranges  0x00000000       0x30 Hal/DcMotor/DcMotor.o
 .debug_line    0x00000000      0x114 Hal/DcMotor/DcMotor.o
 .debug_str     0x00000000      0x29b Hal/DcMotor/DcMotor.o
 .comment       0x00000000       0x31 Hal/DcMotor/DcMotor.o
 .debug_frame   0x00000000       0x64 Hal/DcMotor/DcMotor.o
 .text          0x00000000        0x0 Hal/EEPROM/EEPROM.o
 .data          0x00000000        0x0 Hal/EEPROM/EEPROM.o
 .bss           0x00000000        0x0 Hal/EEPROM/EEPROM.o
 .text.H_EEPROM_Init
                0x00000000        0x6 Hal/EEPROM/EEPROM.o
 .text.H_EEPROM_Read
                0x00000000       0x36 Hal/EEPROM/EEPROM.o
 .text.H_EEPROM_Write
                0x00000000       0x34 Hal/EEPROM/EEPROM.o
 .debug_info    0x00000000      0x259 Hal/EEPROM/EEPROM.o
 .debug_abbrev  0x00000000       0xdd Hal/EEPROM/EEPROM.o
 .debug_loc     0x00000000      0x17c Hal/EEPROM/EEPROM.o
 .debug_aranges
                0x00000000       0x30 Hal/EEPROM/EEPROM.o
 .debug_ranges  0x00000000       0x20 Hal/EEPROM/EEPROM.o
 .debug_line    0x00000000       0xef Hal/EEPROM/EEPROM.o
 .debug_str     0x00000000      0x2a1 Hal/EEPROM/EEPROM.o
 .comment       0x00000000       0x31 Hal/EEPROM/EEPROM.o
 .debug_frame   0x00000000       0x60 Hal/EEPROM/EEPROM.o
 .text          0x00000000        0x0 Hal/Keypad/Keypad.o
 .data          0x00000000        0x0 Hal/Keypad/Keypad.o
 .bss           0x00000000        0x0 Hal/Keypad/Keypad.o
 .text.H_Keypad_KeypadInit
                0x00000000       0x82 Hal/Keypad/Keypad.o
 .rodata        0x00000000       0x10 Hal/Keypad/Keypad.o
 .text.H_Keypad_KeypadRead
                0x00000000       0xc6 Hal/Keypad/Keypad.o
 .debug_info    0x00000000      0x3c8 Hal/Keypad/Keypad.o
 .debug_abbrev  0x00000000      0x14a Hal/Keypad/Keypad.o
 .debug_loc     0x00000000      0x14a Hal/Keypad/Keypad.o
 .debug_aranges
                0x00000000       0x28 Hal/Keypad/Keypad.o
 .debug_ranges  0x00000000       0x18 Hal/Keypad/Keypad.o
 .debug_line    0x00000000      0x205 Hal/Keypad/Keypad.o
 .debug_str     0x00000000      0x2ba Hal/Keypad/Keypad.o
 .comment       0x00000000       0x31 Hal/Keypad/Keypad.o
 .debug_frame   0x00000000       0x54 Hal/Keypad/Keypad.o
 .text          0x00000000        0x0 Hal/Lcd/Lcd.o
 .data          0x00000000        0x0 Hal/Lcd/Lcd.o
 .bss           0x00000000        0x0 Hal/Lcd/Lcd.o
 .text.H_Lcd_LcdWriteCmd
                0x00000000       0x7e Hal/Lcd/Lcd.o
 .text.H_Lcd_LcdInit
                0x00000000       0x70 Hal/Lcd/Lcd.o
 .text.H_Lcd_LcdWriteChar
                0x00000000       0x7e Hal/Lcd/Lcd.o
 .text.H_Lcd_LcdWriteNumber
                0x00000000      0x16c Hal/Lcd/Lcd.o
 .text.H_Lcd_LcdWriteString
                0x00000000       0x26 Hal/Lcd/Lcd.o
 .text.H_Lcd_LcdGoTo
                0x00000000       0x30 Hal/Lcd/Lcd.o
 .text.H_Lcd_LcdClear
                0x00000000        0x8 Hal/Lcd/Lcd.o
 .debug_info    0x00000000      0x724 Hal/Lcd/Lcd.o
 .debug_abbrev  0x00000000      0x190 Hal/Lcd/Lcd.o
 .debug_loc     0x00000000      0x5b2 Hal/Lcd/Lcd.o
 .debug_aranges
                0x00000000       0x50 Hal/Lcd/Lcd.o
 .debug_ranges  0x00000000       0x40 Hal/Lcd/Lcd.o
 .debug_line    0x00000000      0x358 Hal/Lcd/Lcd.o
 .debug_str     0x00000000      0x33c Hal/Lcd/Lcd.o
 .comment       0x00000000       0x31 Hal/Lcd/Lcd.o
 .debug_frame   0x00000000       0xf8 Hal/Lcd/Lcd.o
 .text          0x00000000        0x0 Hal/Led/Led.o
 .data          0x00000000        0x0 Hal/Led/Led.o
 .bss           0x00000000        0x0 Hal/Led/Led.o
 .text.H_LED_LedInit
                0x00000000        0x8 Hal/Led/Led.o
 .text.H_LED_LedOn
                0x00000000        0x8 Hal/Led/Led.o
 .text.H_LED_LedOff
                0x00000000        0x8 Hal/Led/Led.o
 .text.H_LED_LedTog
                0x00000000        0x6 Hal/Led/Led.o
 .text.H_LED_LedBlank
                0x00000000       0x28 Hal/Led/Led.o
 .debug_info    0x00000000      0x27f Hal/Led/Led.o
 .debug_abbrev  0x00000000      0x127 Hal/Led/Led.o
 .debug_loc     0x00000000      0x11a Hal/Led/Led.o
 .debug_aranges
                0x00000000       0x40 Hal/Led/Led.o
 .debug_ranges  0x00000000       0x30 Hal/Led/Led.o
 .debug_line    0x00000000      0x177 Hal/Led/Led.o
 .debug_str     0x00000000      0x261 Hal/Led/Led.o
 .comment       0x00000000       0x31 Hal/Led/Led.o
 .debug_frame   0x00000000       0x6c Hal/Led/Led.o
 .text          0x00000000        0x0 Hal/Lm35/Lm35.o
 .data          0x00000000        0x0 Hal/Lm35/Lm35.o
 .bss           0x00000000        0x0 Hal/Lm35/Lm35.o
 .text.H_Lm35_Lm35Int
                0x00000000        0x8 Hal/Lm35/Lm35.o
 .text.H_Lm35_Lm35Read
                0x00000000       0x26 Hal/Lm35/Lm35.o
 .debug_info    0x00000000      0x10d Hal/Lm35/Lm35.o
 .debug_abbrev  0x00000000       0xa7 Hal/Lm35/Lm35.o
 .debug_loc     0x00000000       0x49 Hal/Lm35/Lm35.o
 .debug_aranges
                0x00000000       0x28 Hal/Lm35/Lm35.o
 .debug_ranges  0x00000000       0x18 Hal/Lm35/Lm35.o
 .debug_line    0x00000000       0x99 Hal/Lm35/Lm35.o
 .debug_str     0x00000000      0x1cb Hal/Lm35/Lm35.o
 .comment       0x00000000       0x31 Hal/Lm35/Lm35.o
 .debug_frame   0x00000000       0x34 Hal/Lm35/Lm35.o
 .text          0x00000000        0x0 Hal/PushButton/PushButton.o
 .data          0x00000000        0x0 Hal/PushButton/PushButton.o
 .bss           0x00000000        0x0 Hal/PushButton/PushButton.o
 .text.H_PushButton_Init
                0x00000000        0x8 Hal/PushButton/PushButton.o
 .text.H_PushButton_Read
                0x00000000        0x6 Hal/PushButton/PushButton.o
 .debug_info    0x00000000      0x130 Hal/PushButton/PushButton.o
 .debug_abbrev  0x00000000       0xb6 Hal/PushButton/PushButton.o
 .debug_loc     0x00000000       0x61 Hal/PushButton/PushButton.o
 .debug_aranges
                0x00000000       0x28 Hal/PushButton/PushButton.o
 .debug_ranges  0x00000000       0x18 Hal/PushButton/PushButton.o
 .debug_line    0x00000000       0x99 Hal/PushButton/PushButton.o
 .debug_str     0x00000000      0x212 Hal/PushButton/PushButton.o
 .comment       0x00000000       0x31 Hal/PushButton/PushButton.o
 .debug_frame   0x00000000       0x34 Hal/PushButton/PushButton.o
 .text          0x00000000        0x0 Hal/Servo/Servo.o
 .data          0x00000000        0x0 Hal/Servo/Servo.o
 .bss           0x00000000        0x0 Hal/Servo/Servo.o
 .text.H_ServoMotor_Init
                0x00000000       0x16 Hal/Servo/Servo.o
 .text.H_ServoMotor_SetAngle
                0x00000000       0x22 Hal/Servo/Servo.o
 .text.H_ServoMotor_TurnOff
                0x00000000        0x6 Hal/Servo/Servo.o
 .debug_info    0x00000000      0x197 Hal/Servo/Servo.o
 .debug_abbrev  0x00000000       0xcc Hal/Servo/Servo.o
 .debug_loc     0x00000000       0x4c Hal/Servo/Servo.o
 .debug_aranges
                0x00000000       0x30 Hal/Servo/Servo.o
 .debug_ranges  0x00000000       0x20 Hal/Servo/Servo.o
 .debug_line    0x00000000       0xd2 Hal/Servo/Servo.o
 .debug_str     0x00000000      0x265 Hal/Servo/Servo.o
 .comment       0x00000000       0x31 Hal/Servo/Servo.o
 .debug_frame   0x00000000       0x44 Hal/Servo/Servo.o
 .text          0x00000000        0x0 Hal/Ssd/Ssd.o
 .data          0x00000000        0x0 Hal/Ssd/Ssd.o
 .bss           0x00000000        0x0 Hal/Ssd/Ssd.o
 .text.H_Ssd_SsdInit
                0x00000000       0x32 Hal/Ssd/Ssd.o
 .text.H_Ssd_SsdDisplay
                0x00000000       0x8e Hal/Ssd/Ssd.o
 .debug_info    0x00000000      0x2a3 Hal/Ssd/Ssd.o
 .debug_abbrev  0x00000000      0x136 Hal/Ssd/Ssd.o
 .debug_loc     0x00000000      0x157 Hal/Ssd/Ssd.o
 .debug_aranges
                0x00000000       0x28 Hal/Ssd/Ssd.o
 .debug_ranges  0x00000000       0x18 Hal/Ssd/Ssd.o
 .debug_line    0x00000000      0x183 Hal/Ssd/Ssd.o
 .debug_str     0x00000000      0x257 Hal/Ssd/Ssd.o
 .comment       0x00000000       0x31 Hal/Ssd/Ssd.o
 .debug_frame   0x00000000       0x40 Hal/Ssd/Ssd.o
 .text          0x00000000        0x0 Hal/StepperMotor/StepperMotor.o
 .data          0x00000000        0x0 Hal/StepperMotor/StepperMotor.o
 .bss           0x00000000        0x0 Hal/StepperMotor/StepperMotor.o
 .text          0x00000000        0x0 Mcal/ADC/ADC.o
 .data          0x00000000        0x0 Mcal/ADC/ADC.o
 .bss           0x00000000        0x0 Mcal/ADC/ADC.o
 .text.M_ADC_ADCInt
                0x00000000       0x3c Mcal/ADC/ADC.o
 .text.M_ADC_ADCRead
                0x00000000       0x28 Mcal/ADC/ADC.o
 .debug_info    0x00000000       0xbb Mcal/ADC/ADC.o
 .debug_abbrev  0x00000000       0x71 Mcal/ADC/ADC.o
 .debug_loc     0x00000000       0x21 Mcal/ADC/ADC.o
 .debug_aranges
                0x00000000       0x28 Mcal/ADC/ADC.o
 .debug_ranges  0x00000000       0x18 Mcal/ADC/ADC.o
 .debug_line    0x00000000       0xc3 Mcal/ADC/ADC.o
 .debug_str     0x00000000      0x19b Mcal/ADC/ADC.o
 .comment       0x00000000       0x31 Mcal/ADC/ADC.o
 .debug_frame   0x00000000       0x34 Mcal/ADC/ADC.o
 .text          0x00000000        0x0 Mcal/DIO/Dio.o
 .data          0x00000000        0x0 Mcal/DIO/Dio.o
 .bss           0x00000000        0x0 Mcal/DIO/Dio.o
 .text.M_DIO_PinTog
                0x00000000       0x94 Mcal/DIO/Dio.o
 .text.M_DIO_PinRead
                0x00000000       0x88 Mcal/DIO/Dio.o
 .text.M_DIO_PinPullUp
                0x00000000      0x112 Mcal/DIO/Dio.o
 .text          0x00000000        0x0 Mcal/ExtInt/ExtInt.o
 .data          0x00000000        0x0 Mcal/ExtInt/ExtInt.o
 .bss           0x00000000        0x0 Mcal/ExtInt/ExtInt.o
 .text.M_ExtInt_Init
                0x00000000       0x1a Mcal/ExtInt/ExtInt.o
 .text.M_ExtInt_SetCallBack
                0x00000000        0xa Mcal/ExtInt/ExtInt.o
 .text          0x00000000        0x0 Mcal/I2C/I2C.o
 .data          0x00000000        0x0 Mcal/I2C/I2C.o
 .bss           0x00000000        0x0 Mcal/I2C/I2C.o
 .text.M_I2C_Init
                0x00000000       0x24 Mcal/I2C/I2C.o
 .text.M_I2C_StartCondition
                0x00000000       0x2e Mcal/I2C/I2C.o
 .text.M_I2C_SendSLA_W
                0x00000000       0x26 Mcal/I2C/I2C.o
 .text.M_I2C_SendSLA_R
                0x00000000       0x2c Mcal/I2C/I2C.o
 .text.M_I2C_SendByte
                0x00000000       0x30 Mcal/I2C/I2C.o
 .text.M_I2C_RecieveByte
                0x00000000       0x1c Mcal/I2C/I2C.o
 .text.M_I2C_RecieveByte_NoAck
                0x00000000       0x16 Mcal/I2C/I2C.o
 .text.M_I2C_StopCondition
                0x00000000       0x26 Mcal/I2C/I2C.o
 .text.M_I2C_RepeatedStartCondition
                0x00000000       0x1c Mcal/I2C/I2C.o
 .debug_info    0x00000000      0x323 Mcal/I2C/I2C.o
 .debug_abbrev  0x00000000      0x107 Mcal/I2C/I2C.o
 .debug_loc     0x00000000      0x21d Mcal/I2C/I2C.o
 .debug_aranges
                0x00000000       0x60 Mcal/I2C/I2C.o
 .debug_ranges  0x00000000       0x50 Mcal/I2C/I2C.o
 .debug_line    0x00000000      0x2d2 Mcal/I2C/I2C.o
 .debug_str     0x00000000      0x2b3 Mcal/I2C/I2C.o
 .comment       0x00000000       0x31 Mcal/I2C/I2C.o
 .debug_frame   0x00000000       0xa4 Mcal/I2C/I2C.o
 .text          0x00000000        0x0 Mcal/SPI/SPI.o
 .data          0x00000000        0x0 Mcal/SPI/SPI.o
 .bss           0x00000000        0x0 Mcal/SPI/SPI.o
 .text.M_SPI_SPIInit
                0x00000000       0x4c Mcal/SPI/SPI.o
 .text.M_SPI_SPITransive
                0x00000000        0xa Mcal/SPI/SPI.o
 .debug_info    0x00000000      0x11e Mcal/SPI/SPI.o
 .debug_abbrev  0x00000000       0xa9 Mcal/SPI/SPI.o
 .debug_loc     0x00000000       0x1f Mcal/SPI/SPI.o
 .debug_aranges
                0x00000000       0x28 Mcal/SPI/SPI.o
 .debug_ranges  0x00000000       0x18 Mcal/SPI/SPI.o
 .debug_line    0x00000000       0xd8 Mcal/SPI/SPI.o
 .debug_str     0x00000000      0x1ab Mcal/SPI/SPI.o
 .comment       0x00000000       0x31 Mcal/SPI/SPI.o
 .debug_frame   0x00000000       0x34 Mcal/SPI/SPI.o
 .text          0x00000000        0x0 Mcal/Timer0/Timer0.o
 .data          0x00000000        0x0 Mcal/Timer0/Timer0.o
 .bss           0x00000000        0x0 Mcal/Timer0/Timer0.o
 .text.M_Timer0_Timer0Init
                0x00000000       0x1a Mcal/Timer0/Timer0.o
 .text.M_Timer0_Timer0SetTime
                0x00000000       0x8a Mcal/Timer0/Timer0.o
 .text.M_Timer0_Start
                0x00000000       0x14 Mcal/Timer0/Timer0.o
 .text.M_Timer0_Stop
                0x00000000       0x14 Mcal/Timer0/Timer0.o
 .text.M_Timer0_SetCallBack
                0x00000000        0xa Mcal/Timer0/Timer0.o
 .text.M_Pwm0_Init
                0x00000000       0x20 Mcal/Timer0/Timer0.o
 .text.M_Pwm0_SetDutyCycle
                0x00000000       0x12 Mcal/Timer0/Timer0.o
 .text.M_Pwm0_Start
                0x00000000        0x6 Mcal/Timer0/Timer0.o
 .text.M_Pwm0_Stop
                0x00000000        0x6 Mcal/Timer0/Timer0.o
 .bss.Timer0_u8_RemTicks
                0x00000000        0x1 Mcal/Timer0/Timer0.o
 .bss.Timer0_u32_NumOfOverFlows
                0x00000000        0x4 Mcal/Timer0/Timer0.o
 .text          0x00000000        0x0 Mcal/Timer1/Timer1.o
 .data          0x00000000        0x0 Mcal/Timer1/Timer1.o
 .bss           0x00000000        0x0 Mcal/Timer1/Timer1.o
 .text.M_Pwm1_Init
                0x00000000       0x2c Mcal/Timer1/Timer1.o
 .text.M_Pwm1_SetPwmFrequancy
                0x00000000       0x2a Mcal/Timer1/Timer1.o
 .text.M_Pwm1_SetDutyCycle
                0x00000000       0x4a Mcal/Timer1/Timer1.o
 .text.M_Pwm1_Start
                0x00000000       0x14 Mcal/Timer1/Timer1.o
 .text.M_Pwm1_Stop
                0x00000000       0x14 Mcal/Timer1/Timer1.o
 .debug_info    0x00000000      0x140 Mcal/Timer1/Timer1.o
 .debug_abbrev  0x00000000       0xa1 Mcal/Timer1/Timer1.o
 .debug_loc     0x00000000       0xb3 Mcal/Timer1/Timer1.o
 .debug_aranges
                0x00000000       0x40 Mcal/Timer1/Timer1.o
 .debug_ranges  0x00000000       0x30 Mcal/Timer1/Timer1.o
 .debug_line    0x00000000      0x145 Mcal/Timer1/Timer1.o
 .debug_str     0x00000000      0x22b Mcal/Timer1/Timer1.o
 .comment       0x00000000       0x31 Mcal/Timer1/Timer1.o
 .debug_frame   0x00000000       0x78 Mcal/Timer1/Timer1.o
 .text          0x00000000        0x0 Mcal/Timer2/Timer2.o
 .data          0x00000000        0x0 Mcal/Timer2/Timer2.o
 .bss           0x00000000        0x0 Mcal/Timer2/Timer2.o
 .text.M_Timer2_Init
                0x00000000       0x1a Mcal/Timer2/Timer2.o
 .text.M_Timer2_SetTime
                0x00000000       0x82 Mcal/Timer2/Timer2.o
 .text.M_Timer2_Start
                0x00000000       0x14 Mcal/Timer2/Timer2.o
 .text.M_Timer2_Stop
                0x00000000       0x14 Mcal/Timer2/Timer2.o
 .text.M_Pwm2_Init
                0x00000000       0x22 Mcal/Timer2/Timer2.o
 .text.M_Pwm2_SetDutyCycle
                0x00000000       0x40 Mcal/Timer2/Timer2.o
 .text.M_Pwm2_Start
                0x00000000        0xe Mcal/Timer2/Timer2.o
 .text.M_Pwm2_Stop
                0x00000000        0xe Mcal/Timer2/Timer2.o
 .text.M_Timer2_SetCallBack
                0x00000000        0xa Mcal/Timer2/Timer2.o
 .bss.Timer2_void_CallBack
                0x00000000        0x2 Mcal/Timer2/Timer2.o
 .bss.Timer2_u8_RemTicks
                0x00000000        0x1 Mcal/Timer2/Timer2.o
 .bss.Timer2_u32_NumOfCompareMatch
                0x00000000        0x4 Mcal/Timer2/Timer2.o
 .bss.Timer2_u32_NumberofOVFs
                0x00000000        0x4 Mcal/Timer2/Timer2.o
 .debug_info    0x00000000      0x279 Mcal/Timer2/Timer2.o
 .debug_abbrev  0x00000000      0x116 Mcal/Timer2/Timer2.o
 .debug_loc     0x00000000       0x97 Mcal/Timer2/Timer2.o
 .debug_aranges
                0x00000000       0x60 Mcal/Timer2/Timer2.o
 .debug_ranges  0x00000000       0x50 Mcal/Timer2/Timer2.o
 .debug_line    0x00000000      0x18d Mcal/Timer2/Timer2.o
 .debug_str     0x00000000      0x306 Mcal/Timer2/Timer2.o
 .comment       0x00000000       0x31 Mcal/Timer2/Timer2.o
 .debug_frame   0x00000000       0xb0 Mcal/Timer2/Timer2.o
 .text          0x00000000        0x0 Mcal/UART/UART.o
 .data          0x00000000        0x0 Mcal/UART/UART.o
 .bss           0x00000000        0x0 Mcal/UART/UART.o
 .text.M_UART_UARTInit
                0x00000000       0x2c Mcal/UART/UART.o
 .text.M_UART_UARTWrite
                0x00000000        0x8 Mcal/UART/UART.o
 .text.M_UART_UARTRead
                0x00000000        0x8 Mcal/UART/UART.o
 .debug_info    0x00000000      0x113 Mcal/UART/UART.o
 .debug_abbrev  0x00000000       0xb6 Mcal/UART/UART.o
 .debug_loc     0x00000000       0x22 Mcal/UART/UART.o
 .debug_aranges
                0x00000000       0x30 Mcal/UART/UART.o
 .debug_ranges  0x00000000       0x20 Mcal/UART/UART.o
 .debug_line    0x00000000       0xe2 Mcal/UART/UART.o
 .debug_str     0x00000000      0x1d3 Mcal/UART/UART.o
 .comment       0x00000000       0x31 Mcal/UART/UART.o
 .debug_frame   0x00000000       0x44 Mcal/UART/UART.o
 .text          0x00000000        0x0 Mcal/WDT/WDT.o
 .data          0x00000000        0x0 Mcal/WDT/WDT.o
 .bss           0x00000000        0x0 Mcal/WDT/WDT.o
 .text.M_WDT_Init
                0x00000000       0x2a Mcal/WDT/WDT.o
 .text.M_WDT_Reset
                0x00000000        0x4 Mcal/WDT/WDT.o
 .debug_info    0x00000000       0x99 Mcal/WDT/WDT.o
 .debug_abbrev  0x00000000       0x46 Mcal/WDT/WDT.o
 .debug_aranges
                0x00000000       0x28 Mcal/WDT/WDT.o
 .debug_ranges  0x00000000       0x18 Mcal/WDT/WDT.o
 .debug_line    0x00000000       0x81 Mcal/WDT/WDT.o
 .debug_str     0x00000000      0x186 Mcal/WDT/WDT.o
 .comment       0x00000000       0x31 Mcal/WDT/WDT.o
 .debug_frame   0x00000000       0x34 Mcal/WDT/WDT.o
 .text          0x00000000        0x0 d:/programs/7.0/toolchain/avr8/avr8-gnu-toolchain/bin/../lib/gcc/avr/5.4.0/../../../../avr/lib/avr5\libm.a(addsf3.o)
 .data          0x00000000        0x0 d:/programs/7.0/toolchain/avr8/avr8-gnu-toolchain/bin/../lib/gcc/avr/5.4.0/../../../../avr/lib/avr5\libm.a(addsf3.o)
 .bss           0x00000000        0x0 d:/programs/7.0/toolchain/avr8/avr8-gnu-toolchain/bin/../lib/gcc/avr/5.4.0/../../../../avr/lib/avr5\libm.a(addsf3.o)
 .text.avr-libc.fplib
                0x00000000        0xe d:/programs/7.0/toolchain/avr8/avr8-gnu-toolchain/bin/../lib/gcc/avr/5.4.0/../../../../avr/lib/avr5\libm.a(addsf3.o)
 .text          0x00000000        0x0 d:/programs/7.0/toolchain/avr8/avr8-gnu-toolchain/bin/../lib/gcc/avr/5.4.0/../../../../avr/lib/avr5\libm.a(addsf3x.o)
 .data          0x00000000        0x0 d:/programs/7.0/toolchain/avr8/avr8-gnu-toolchain/bin/../lib/gcc/avr/5.4.0/../../../../avr/lib/avr5\libm.a(addsf3x.o)
 .bss           0x00000000        0x0 d:/programs/7.0/toolchain/avr8/avr8-gnu-toolchain/bin/../lib/gcc/avr/5.4.0/../../../../avr/lib/avr5\libm.a(addsf3x.o)
 .text.avr-libc.fplib
                0x00000000       0xcc d:/programs/7.0/toolchain/avr8/avr8-gnu-toolchain/bin/../lib/gcc/avr/5.4.0/../../../../avr/lib/avr5\libm.a(addsf3x.o)
 .text          0x00000000        0x0 d:/programs/7.0/toolchain/avr8/avr8-gnu-toolchain/bin/../lib/gcc/avr/5.4.0/../../../../avr/lib/avr5\libm.a(cmpsf2.o)
 .data          0x00000000        0x0 d:/programs/7.0/toolchain/avr8/avr8-gnu-toolchain/bin/../lib/gcc/avr/5.4.0/../../../../avr/lib/avr5\libm.a(cmpsf2.o)
 .bss           0x00000000        0x0 d:/programs/7.0/toolchain/avr8/avr8-gnu-toolchain/bin/../lib/gcc/avr/5.4.0/../../../../avr/lib/avr5\libm.a(cmpsf2.o)
 .text.avr-libc.fplib
                0x00000000        0xa d:/programs/7.0/toolchain/avr8/avr8-gnu-toolchain/bin/../lib/gcc/avr/5.4.0/../../../../avr/lib/avr5\libm.a(cmpsf2.o)
 .text          0x00000000        0x0 d:/programs/7.0/toolchain/avr8/avr8-gnu-toolchain/bin/../lib/gcc/avr/5.4.0/../../../../avr/lib/avr5\libm.a(divsf3.o)
 .data          0x00000000        0x0 d:/programs/7.0/toolchain/avr8/avr8-gnu-toolchain/bin/../lib/gcc/avr/5.4.0/../../../../avr/lib/avr5\libm.a(divsf3.o)
 .bss           0x00000000        0x0 d:/programs/7.0/toolchain/avr8/avr8-gnu-toolchain/bin/../lib/gcc/avr/5.4.0/../../../../avr/lib/avr5\libm.a(divsf3.o)
 .text.avr-libc.fplib
                0x00000000        0x8 d:/programs/7.0/toolchain/avr8/avr8-gnu-toolchain/bin/../lib/gcc/avr/5.4.0/../../../../avr/lib/avr5\libm.a(divsf3.o)
 .text          0x00000000        0x0 d:/programs/7.0/toolchain/avr8/avr8-gnu-toolchain/bin/../lib/gcc/avr/5.4.0/../../../../avr/lib/avr5\libm.a(divsf3x.o)
 .data          0x00000000        0x0 d:/programs/7.0/toolchain/avr8/avr8-gnu-toolchain/bin/../lib/gcc/avr/5.4.0/../../../../avr/lib/avr5\libm.a(divsf3x.o)
 .bss           0x00000000        0x0 d:/programs/7.0/toolchain/avr8/avr8-gnu-toolchain/bin/../lib/gcc/avr/5.4.0/../../../../avr/lib/avr5\libm.a(divsf3x.o)
 .text.avr-libc.fplib
                0x00000000       0xdc d:/programs/7.0/toolchain/avr8/avr8-gnu-toolchain/bin/../lib/gcc/avr/5.4.0/../../../../avr/lib/avr5\libm.a(divsf3x.o)
 .text          0x00000000        0x0 d:/programs/7.0/toolchain/avr8/avr8-gnu-toolchain/bin/../lib/gcc/avr/5.4.0/../../../../avr/lib/avr5\libm.a(fixunssfsi.o)
 .data          0x00000000        0x0 d:/programs/7.0/toolchain/avr8/avr8-gnu-toolchain/bin/../lib/gcc/avr/5.4.0/../../../../avr/lib/avr5\libm.a(fixunssfsi.o)
 .bss           0x00000000        0x0 d:/programs/7.0/toolchain/avr8/avr8-gnu-toolchain/bin/../lib/gcc/avr/5.4.0/../../../../avr/lib/avr5\libm.a(fixunssfsi.o)
 .text.avr-libc.fplib
                0x00000000       0x5e d:/programs/7.0/toolchain/avr8/avr8-gnu-toolchain/bin/../lib/gcc/avr/5.4.0/../../../../avr/lib/avr5\libm.a(fixunssfsi.o)
 .text          0x00000000        0x0 d:/programs/7.0/toolchain/avr8/avr8-gnu-toolchain/bin/../lib/gcc/avr/5.4.0/../../../../avr/lib/avr5\libm.a(floatsisf.o)
 .data          0x00000000        0x0 d:/programs/7.0/toolchain/avr8/avr8-gnu-toolchain/bin/../lib/gcc/avr/5.4.0/../../../../avr/lib/avr5\libm.a(floatsisf.o)
 .bss           0x00000000        0x0 d:/programs/7.0/toolchain/avr8/avr8-gnu-toolchain/bin/../lib/gcc/avr/5.4.0/../../../../avr/lib/avr5\libm.a(floatsisf.o)
 .text.avr-libc.fplib
                0x00000000       0x7a d:/programs/7.0/toolchain/avr8/avr8-gnu-toolchain/bin/../lib/gcc/avr/5.4.0/../../../../avr/lib/avr5\libm.a(floatsisf.o)
 .text          0x00000000        0x0 d:/programs/7.0/toolchain/avr8/avr8-gnu-toolchain/bin/../lib/gcc/avr/5.4.0/../../../../avr/lib/avr5\libm.a(fp_cmp.o)
 .data          0x00000000        0x0 d:/programs/7.0/toolchain/avr8/avr8-gnu-toolchain/bin/../lib/gcc/avr/5.4.0/../../../../avr/lib/avr5\libm.a(fp_cmp.o)
 .bss           0x00000000        0x0 d:/programs/7.0/toolchain/avr8/avr8-gnu-toolchain/bin/../lib/gcc/avr/5.4.0/../../../../avr/lib/avr5\libm.a(fp_cmp.o)
 .text.avr-libc.fplib
                0x00000000       0x48 d:/programs/7.0/toolchain/avr8/avr8-gnu-toolchain/bin/../lib/gcc/avr/5.4.0/../../../../avr/lib/avr5\libm.a(fp_cmp.o)
 .text          0x00000000        0x0 d:/programs/7.0/toolchain/avr8/avr8-gnu-toolchain/bin/../lib/gcc/avr/5.4.0/../../../../avr/lib/avr5\libm.a(fp_inf.o)
 .data          0x00000000        0x0 d:/programs/7.0/toolchain/avr8/avr8-gnu-toolchain/bin/../lib/gcc/avr/5.4.0/../../../../avr/lib/avr5\libm.a(fp_inf.o)
 .bss           0x00000000        0x0 d:/programs/7.0/toolchain/avr8/avr8-gnu-toolchain/bin/../lib/gcc/avr/5.4.0/../../../../avr/lib/avr5\libm.a(fp_inf.o)
 .text.avr-libc.fplib
                0x00000000        0xc d:/programs/7.0/toolchain/avr8/avr8-gnu-toolchain/bin/../lib/gcc/avr/5.4.0/../../../../avr/lib/avr5\libm.a(fp_inf.o)
 .text          0x00000000        0x0 d:/programs/7.0/toolchain/avr8/avr8-gnu-toolchain/bin/../lib/gcc/avr/5.4.0/../../../../avr/lib/avr5\libm.a(fp_nan.o)
 .data          0x00000000        0x0 d:/programs/7.0/toolchain/avr8/avr8-gnu-toolchain/bin/../lib/gcc/avr/5.4.0/../../../../avr/lib/avr5\libm.a(fp_nan.o)
 .bss           0x00000000        0x0 d:/programs/7.0/toolchain/avr8/avr8-gnu-toolchain/bin/../lib/gcc/avr/5.4.0/../../../../avr/lib/avr5\libm.a(fp_nan.o)
 .text.avr-libc.fplib
                0x00000000        0x6 d:/programs/7.0/toolchain/avr8/avr8-gnu-toolchain/bin/../lib/gcc/avr/5.4.0/../../../../avr/lib/avr5\libm.a(fp_nan.o)
 .text          0x00000000        0x0 d:/programs/7.0/toolchain/avr8/avr8-gnu-toolchain/bin/../lib/gcc/avr/5.4.0/../../../../avr/lib/avr5\libm.a(fp_pscA.o)
 .data          0x00000000        0x0 d:/programs/7.0/toolchain/avr8/avr8-gnu-toolchain/bin/../lib/gcc/avr/5.4.0/../../../../avr/lib/avr5\libm.a(fp_pscA.o)
 .bss           0x00000000        0x0 d:/programs/7.0/toolchain/avr8/avr8-gnu-toolchain/bin/../lib/gcc/avr/5.4.0/../../../../avr/lib/avr5\libm.a(fp_pscA.o)
 .text.avr-libc.fplib
                0x00000000        0xe d:/programs/7.0/toolchain/avr8/avr8-gnu-toolchain/bin/../lib/gcc/avr/5.4.0/../../../../avr/lib/avr5\libm.a(fp_pscA.o)
 .text          0x00000000        0x0 d:/programs/7.0/toolchain/avr8/avr8-gnu-toolchain/bin/../lib/gcc/avr/5.4.0/../../../../avr/lib/avr5\libm.a(fp_pscB.o)
 .data          0x00000000        0x0 d:/programs/7.0/toolchain/avr8/avr8-gnu-toolchain/bin/../lib/gcc/avr/5.4.0/../../../../avr/lib/avr5\libm.a(fp_pscB.o)
 .bss           0x00000000        0x0 d:/programs/7.0/toolchain/avr8/avr8-gnu-toolchain/bin/../lib/gcc/avr/5.4.0/../../../../avr/lib/avr5\libm.a(fp_pscB.o)
 .text.avr-libc.fplib
                0x00000000        0xe d:/programs/7.0/toolchain/avr8/avr8-gnu-toolchain/bin/../lib/gcc/avr/5.4.0/../../../../avr/lib/avr5\libm.a(fp_pscB.o)
 .text          0x00000000        0x0 d:/programs/7.0/toolchain/avr8/avr8-gnu-toolchain/bin/../lib/gcc/avr/5.4.0/../../../../avr/lib/avr5\libm.a(fp_round.o)
 .data          0x00000000        0x0 d:/programs/7.0/toolchain/avr8/avr8-gnu-toolchain/bin/../lib/gcc/avr/5.4.0/../../../../avr/lib/avr5\libm.a(fp_round.o)
 .bss           0x00000000        0x0 d:/programs/7.0/toolchain/avr8/avr8-gnu-toolchain/bin/../lib/gcc/avr/5.4.0/../../../../avr/lib/avr5\libm.a(fp_round.o)
 .text.avr-libc.fplib
                0x00000000       0x22 d:/programs/7.0/toolchain/avr8/avr8-gnu-toolchain/bin/../lib/gcc/avr/5.4.0/../../../../avr/lib/avr5\libm.a(fp_round.o)
 .text          0x00000000        0x0 d:/programs/7.0/toolchain/avr8/avr8-gnu-toolchain/bin/../lib/gcc/avr/5.4.0/../../../../avr/lib/avr5\libm.a(fp_split3.o)
 .data          0x00000000        0x0 d:/programs/7.0/toolchain/avr8/avr8-gnu-toolchain/bin/../lib/gcc/avr/5.4.0/../../../../avr/lib/avr5\libm.a(fp_split3.o)
 .bss           0x00000000        0x0 d:/programs/7.0/toolchain/avr8/avr8-gnu-toolchain/bin/../lib/gcc/avr/5.4.0/../../../../avr/lib/avr5\libm.a(fp_split3.o)
 .text.avr-libc.fplib
                0x00000000       0x44 d:/programs/7.0/toolchain/avr8/avr8-gnu-toolchain/bin/../lib/gcc/avr/5.4.0/../../../../avr/lib/avr5\libm.a(fp_split3.o)
 .text          0x00000000        0x0 d:/programs/7.0/toolchain/avr8/avr8-gnu-toolchain/bin/../lib/gcc/avr/5.4.0/../../../../avr/lib/avr5\libm.a(fp_zero.o)
 .data          0x00000000        0x0 d:/programs/7.0/toolchain/avr8/avr8-gnu-toolchain/bin/../lib/gcc/avr/5.4.0/../../../../avr/lib/avr5\libm.a(fp_zero.o)
 .bss           0x00000000        0x0 d:/programs/7.0/toolchain/avr8/avr8-gnu-toolchain/bin/../lib/gcc/avr/5.4.0/../../../../avr/lib/avr5\libm.a(fp_zero.o)
 .text.avr-libc.fplib
                0x00000000        0xe d:/programs/7.0/toolchain/avr8/avr8-gnu-toolchain/bin/../lib/gcc/avr/5.4.0/../../../../avr/lib/avr5\libm.a(fp_zero.o)
 .text          0x00000000        0x0 d:/programs/7.0/toolchain/avr8/avr8-gnu-toolchain/bin/../lib/gcc/avr/5.4.0/../../../../avr/lib/avr5\libm.a(gesf2.o)
 .data          0x00000000        0x0 d:/programs/7.0/toolchain/avr8/avr8-gnu-toolchain/bin/../lib/gcc/avr/5.4.0/../../../../avr/lib/avr5\libm.a(gesf2.o)
 .bss           0x00000000        0x0 d:/programs/7.0/toolchain/avr8/avr8-gnu-toolchain/bin/../lib/gcc/avr/5.4.0/../../../../avr/lib/avr5\libm.a(gesf2.o)
 .text.avr-libc.fplib
                0x00000000        0xa d:/programs/7.0/toolchain/avr8/avr8-gnu-toolchain/bin/../lib/gcc/avr/5.4.0/../../../../avr/lib/avr5\libm.a(gesf2.o)
 .text          0x00000000        0x0 d:/programs/7.0/toolchain/avr8/avr8-gnu-toolchain/bin/../lib/gcc/avr/5.4.0/../../../../avr/lib/avr5\libm.a(mulsf3.o)
 .data          0x00000000        0x0 d:/programs/7.0/toolchain/avr8/avr8-gnu-toolchain/bin/../lib/gcc/avr/5.4.0/../../../../avr/lib/avr5\libm.a(mulsf3.o)
 .bss           0x00000000        0x0 d:/programs/7.0/toolchain/avr8/avr8-gnu-toolchain/bin/../lib/gcc/avr/5.4.0/../../../../avr/lib/avr5\libm.a(mulsf3.o)
 .text.avr-libc.fplib
                0x00000000        0x8 d:/programs/7.0/toolchain/avr8/avr8-gnu-toolchain/bin/../lib/gcc/avr/5.4.0/../../../../avr/lib/avr5\libm.a(mulsf3.o)
 .text          0x00000000        0x0 d:/programs/7.0/toolchain/avr8/avr8-gnu-toolchain/bin/../lib/gcc/avr/5.4.0/../../../../avr/lib/avr5\libm.a(mulsf3x.o)
 .data          0x00000000        0x0 d:/programs/7.0/toolchain/avr8/avr8-gnu-toolchain/bin/../lib/gcc/avr/5.4.0/../../../../avr/lib/avr5\libm.a(mulsf3x.o)
 .bss           0x00000000        0x0 d:/programs/7.0/toolchain/avr8/avr8-gnu-toolchain/bin/../lib/gcc/avr/5.4.0/../../../../avr/lib/avr5\libm.a(mulsf3x.o)
 .text.avr-libc.fplib
                0x00000000       0xd2 d:/programs/7.0/toolchain/avr8/avr8-gnu-toolchain/bin/../lib/gcc/avr/5.4.0/../../../../avr/lib/avr5\libm.a(mulsf3x.o)
 .text          0x00000000        0x0 d:/programs/7.0/toolchain/avr8/avr8-gnu-toolchain/bin/../lib/gcc/avr/5.4.0/avr5\libgcc.a(_divmodhi4.o)
 .data          0x00000000        0x0 d:/programs/7.0/toolchain/avr8/avr8-gnu-toolchain/bin/../lib/gcc/avr/5.4.0/avr5\libgcc.a(_divmodhi4.o)
 .bss           0x00000000        0x0 d:/programs/7.0/toolchain/avr8/avr8-gnu-toolchain/bin/../lib/gcc/avr/5.4.0/avr5\libgcc.a(_divmodhi4.o)
 .text.libgcc.mul
                0x00000000        0x0 d:/programs/7.0/toolchain/avr8/avr8-gnu-toolchain/bin/../lib/gcc/avr/5.4.0/avr5\libgcc.a(_divmodhi4.o)
 .text.libgcc.div
                0x00000000       0x28 d:/programs/7.0/toolchain/avr8/avr8-gnu-toolchain/bin/../lib/gcc/avr/5.4.0/avr5\libgcc.a(_divmodhi4.o)
 .text.libgcc   0x00000000        0x0 d:/programs/7.0/toolchain/avr8/avr8-gnu-toolchain/bin/../lib/gcc/avr/5.4.0/avr5\libgcc.a(_divmodhi4.o)
 .text.libgcc.prologue
                0x00000000        0x0 d:/programs/7.0/toolchain/avr8/avr8-gnu-toolchain/bin/../lib/gcc/avr/5.4.0/avr5\libgcc.a(_divmodhi4.o)
 .text.libgcc.builtins
                0x00000000        0x0 d:/programs/7.0/toolchain/avr8/avr8-gnu-toolchain/bin/../lib/gcc/avr/5.4.0/avr5\libgcc.a(_divmodhi4.o)
 .text.libgcc.fmul
                0x00000000        0x0 d:/programs/7.0/toolchain/avr8/avr8-gnu-toolchain/bin/../lib/gcc/avr/5.4.0/avr5\libgcc.a(_divmodhi4.o)
 .text.libgcc.fixed
                0x00000000        0x0 d:/programs/7.0/toolchain/avr8/avr8-gnu-toolchain/bin/../lib/gcc/avr/5.4.0/avr5\libgcc.a(_divmodhi4.o)
 .text          0x00000000        0x0 d:/programs/7.0/toolchain/avr8/avr8-gnu-toolchain/bin/../lib/gcc/avr/5.4.0/avr5\libgcc.a(_udivmodsi4.o)
 .data          0x00000000        0x0 d:/programs/7.0/toolchain/avr8/avr8-gnu-toolchain/bin/../lib/gcc/avr/5.4.0/avr5\libgcc.a(_udivmodsi4.o)
 .bss           0x00000000        0x0 d:/programs/7.0/toolchain/avr8/avr8-gnu-toolchain/bin/../lib/gcc/avr/5.4.0/avr5\libgcc.a(_udivmodsi4.o)
 .text.libgcc.mul
                0x00000000        0x0 d:/programs/7.0/toolchain/avr8/avr8-gnu-toolchain/bin/../lib/gcc/avr/5.4.0/avr5\libgcc.a(_udivmodsi4.o)
 .text.libgcc.div
                0x00000000       0x44 d:/programs/7.0/toolchain/avr8/avr8-gnu-toolchain/bin/../lib/gcc/avr/5.4.0/avr5\libgcc.a(_udivmodsi4.o)
 .text.libgcc   0x00000000        0x0 d:/programs/7.0/toolchain/avr8/avr8-gnu-toolchain/bin/../lib/gcc/avr/5.4.0/avr5\libgcc.a(_udivmodsi4.o)
 .text.libgcc.prologue
                0x00000000        0x0 d:/programs/7.0/toolchain/avr8/avr8-gnu-toolchain/bin/../lib/gcc/avr/5.4.0/avr5\libgcc.a(_udivmodsi4.o)
 .text.libgcc.builtins
                0x00000000        0x0 d:/programs/7.0/toolchain/avr8/avr8-gnu-toolchain/bin/../lib/gcc/avr/5.4.0/avr5\libgcc.a(_udivmodsi4.o)
 .text.libgcc.fmul
                0x00000000        0x0 d:/programs/7.0/toolchain/avr8/avr8-gnu-toolchain/bin/../lib/gcc/avr/5.4.0/avr5\libgcc.a(_udivmodsi4.o)
 .text.libgcc.fixed
                0x00000000        0x0 d:/programs/7.0/toolchain/avr8/avr8-gnu-toolchain/bin/../lib/gcc/avr/5.4.0/avr5\libgcc.a(_udivmodsi4.o)
 .text          0x00000000        0x0 d:/programs/7.0/toolchain/avr8/avr8-gnu-toolchain/bin/../lib/gcc/avr/5.4.0/avr5\libgcc.a(_divmodsi4.o)
 .data          0x00000000        0x0 d:/programs/7.0/toolchain/avr8/avr8-gnu-toolchain/bin/../lib/gcc/avr/5.4.0/avr5\libgcc.a(_divmodsi4.o)
 .bss           0x00000000        0x0 d:/programs/7.0/toolchain/avr8/avr8-gnu-toolchain/bin/../lib/gcc/avr/5.4.0/avr5\libgcc.a(_divmodsi4.o)
 .text.libgcc.mul
                0x00000000        0x0 d:/programs/7.0/toolchain/avr8/avr8-gnu-toolchain/bin/../lib/gcc/avr/5.4.0/avr5\libgcc.a(_divmodsi4.o)
 .text.libgcc.div
                0x00000000       0x2e d:/programs/7.0/toolchain/avr8/avr8-gnu-toolchain/bin/../lib/gcc/avr/5.4.0/avr5\libgcc.a(_divmodsi4.o)
 .text.libgcc   0x00000000        0x0 d:/programs/7.0/toolchain/avr8/avr8-gnu-toolchain/bin/../lib/gcc/avr/5.4.0/avr5\libgcc.a(_divmodsi4.o)
 .text.libgcc.prologue
                0x00000000        0x0 d:/programs/7.0/toolchain/avr8/avr8-gnu-toolchain/bin/../lib/gcc/avr/5.4.0/avr5\libgcc.a(_divmodsi4.o)
 .text.libgcc.builtins
                0x00000000        0x0 d:/programs/7.0/toolchain/avr8/avr8-gnu-toolchain/bin/../lib/gcc/avr/5.4.0/avr5\libgcc.a(_divmodsi4.o)
 .text.libgcc.fmul
                0x00000000        0x0 d:/programs/7.0/toolchain/avr8/avr8-gnu-toolchain/bin/../lib/gcc/avr/5.4.0/avr5\libgcc.a(_divmodsi4.o)
 .text.libgcc.fixed
                0x00000000        0x0 d:/programs/7.0/toolchain/avr8/avr8-gnu-toolchain/bin/../lib/gcc/avr/5.4.0/avr5\libgcc.a(_divmodsi4.o)
 .text          0x00000000        0x0 d:/programs/7.0/toolchain/avr8/avr8-gnu-toolchain/bin/../lib/gcc/avr/5.4.0/avr5\libgcc.a(_negsi2.o)
 .data          0x00000000        0x0 d:/programs/7.0/toolchain/avr8/avr8-gnu-toolchain/bin/../lib/gcc/avr/5.4.0/avr5\libgcc.a(_negsi2.o)
 .bss           0x00000000        0x0 d:/programs/7.0/toolchain/avr8/avr8-gnu-toolchain/bin/../lib/gcc/avr/5.4.0/avr5\libgcc.a(_negsi2.o)
 .text.libgcc.mul
                0x00000000        0x0 d:/programs/7.0/toolchain/avr8/avr8-gnu-toolchain/bin/../lib/gcc/avr/5.4.0/avr5\libgcc.a(_negsi2.o)
 .text.libgcc.div
                0x00000000       0x10 d:/programs/7.0/toolchain/avr8/avr8-gnu-toolchain/bin/../lib/gcc/avr/5.4.0/avr5\libgcc.a(_negsi2.o)
 .text.libgcc   0x00000000        0x0 d:/programs/7.0/toolchain/avr8/avr8-gnu-toolchain/bin/../lib/gcc/avr/5.4.0/avr5\libgcc.a(_negsi2.o)
 .text.libgcc.prologue
                0x00000000        0x0 d:/programs/7.0/toolchain/avr8/avr8-gnu-toolchain/bin/../lib/gcc/avr/5.4.0/avr5\libgcc.a(_negsi2.o)
 .text.libgcc.builtins
                0x00000000        0x0 d:/programs/7.0/toolchain/avr8/avr8-gnu-toolchain/bin/../lib/gcc/avr/5.4.0/avr5\libgcc.a(_negsi2.o)
 .text.libgcc.fmul
                0x00000000        0x0 d:/programs/7.0/toolchain/avr8/avr8-gnu-toolchain/bin/../lib/gcc/avr/5.4.0/avr5\libgcc.a(_negsi2.o)
 .text.libgcc.fixed
                0x00000000        0x0 d:/programs/7.0/toolchain/avr8/avr8-gnu-toolchain/bin/../lib/gcc/avr/5.4.0/avr5\libgcc.a(_negsi2.o)
 .text          0x00000000        0x0 d:/programs/7.0/toolchain/avr8/avr8-gnu-toolchain/bin/../lib/gcc/avr/5.4.0/avr5\libgcc.a(_exit.o)
 .data          0x00000000        0x0 d:/programs/7.0/toolchain/avr8/avr8-gnu-toolchain/bin/../lib/gcc/avr/5.4.0/avr5\libgcc.a(_exit.o)
 .bss           0x00000000        0x0 d:/programs/7.0/toolchain/avr8/avr8-gnu-toolchain/bin/../lib/gcc/avr/5.4.0/avr5\libgcc.a(_exit.o)
 .text.libgcc.mul
                0x00000000        0x0 d:/programs/7.0/toolchain/avr8/avr8-gnu-toolchain/bin/../lib/gcc/avr/5.4.0/avr5\libgcc.a(_exit.o)
 .text.libgcc.div
                0x00000000        0x0 d:/programs/7.0/toolchain/avr8/avr8-gnu-toolchain/bin/../lib/gcc/avr/5.4.0/avr5\libgcc.a(_exit.o)
 .text.libgcc   0x00000000        0x0 d:/programs/7.0/toolchain/avr8/avr8-gnu-toolchain/bin/../lib/gcc/avr/5.4.0/avr5\libgcc.a(_exit.o)
 .text.libgcc.prologue
                0x00000000        0x0 d:/programs/7.0/toolchain/avr8/avr8-gnu-toolchain/bin/../lib/gcc/avr/5.4.0/avr5\libgcc.a(_exit.o)
 .text.libgcc.builtins
                0x00000000        0x0 d:/programs/7.0/toolchain/avr8/avr8-gnu-toolchain/bin/../lib/gcc/avr/5.4.0/avr5\libgcc.a(_exit.o)
 .text.libgcc.fmul
                0x00000000        0x0 d:/programs/7.0/toolchain/avr8/avr8-gnu-toolchain/bin/../lib/gcc/avr/5.4.0/avr5\libgcc.a(_exit.o)
 .text.libgcc.fixed
                0x00000000        0x0 d:/programs/7.0/toolchain/avr8/avr8-gnu-toolchain/bin/../lib/gcc/avr/5.4.0/avr5\libgcc.a(_exit.o)
 .text          0x00000000        0x0 d:/programs/7.0/toolchain/avr8/avr8-gnu-toolchain/bin/../lib/gcc/avr/5.4.0/avr5\libgcc.a(_copy_data.o)
 .data          0x00000000        0x0 d:/programs/7.0/toolchain/avr8/avr8-gnu-toolchain/bin/../lib/gcc/avr/5.4.0/avr5\libgcc.a(_copy_data.o)
 .bss           0x00000000        0x0 d:/programs/7.0/toolchain/avr8/avr8-gnu-toolchain/bin/../lib/gcc/avr/5.4.0/avr5\libgcc.a(_copy_data.o)
 .text.libgcc.mul
                0x00000000        0x0 d:/programs/7.0/toolchain/avr8/avr8-gnu-toolchain/bin/../lib/gcc/avr/5.4.0/avr5\libgcc.a(_copy_data.o)
 .text.libgcc.div
                0x00000000        0x0 d:/programs/7.0/toolchain/avr8/avr8-gnu-toolchain/bin/../lib/gcc/avr/5.4.0/avr5\libgcc.a(_copy_data.o)
 .text.libgcc   0x00000000        0x0 d:/programs/7.0/toolchain/avr8/avr8-gnu-toolchain/bin/../lib/gcc/avr/5.4.0/avr5\libgcc.a(_copy_data.o)
 .text.libgcc.prologue
                0x00000000        0x0 d:/programs/7.0/toolchain/avr8/avr8-gnu-toolchain/bin/../lib/gcc/avr/5.4.0/avr5\libgcc.a(_copy_data.o)
 .text.libgcc.builtins
                0x00000000        0x0 d:/programs/7.0/toolchain/avr8/avr8-gnu-toolchain/bin/../lib/gcc/avr/5.4.0/avr5\libgcc.a(_copy_data.o)
 .text.libgcc.fmul
                0x00000000        0x0 d:/programs/7.0/toolchain/avr8/avr8-gnu-toolchain/bin/../lib/gcc/avr/5.4.0/avr5\libgcc.a(_copy_data.o)
 .text.libgcc.fixed
                0x00000000        0x0 d:/programs/7.0/toolchain/avr8/avr8-gnu-toolchain/bin/../lib/gcc/avr/5.4.0/avr5\libgcc.a(_copy_data.o)
 .text          0x00000000        0x0 d:/programs/7.0/toolchain/avr8/avr8-gnu-toolchain/bin/../lib/gcc/avr/5.4.0/avr5\libgcc.a(_clear_bss.o)
 .data          0x00000000        0x0 d:/programs/7.0/toolchain/avr8/avr8-gnu-toolchain/bin/../lib/gcc/avr/5.4.0/avr5\libgcc.a(_clear_bss.o)
 .bss           0x00000000        0x0 d:/programs/7.0/toolchain/avr8/avr8-gnu-toolchain/bin/../lib/gcc/avr/5.4.0/avr5\libgcc.a(_clear_bss.o)
 .text.libgcc.mul
                0x00000000        0x0 d:/programs/7.0/toolchain/avr8/avr8-gnu-toolchain/bin/../lib/gcc/avr/5.4.0/avr5\libgcc.a(_clear_bss.o)
 .text.libgcc.div
                0x00000000        0x0 d:/programs/7.0/toolchain/avr8/avr8-gnu-toolchain/bin/../lib/gcc/avr/5.4.0/avr5\libgcc.a(_clear_bss.o)
 .text.libgcc   0x00000000        0x0 d:/programs/7.0/toolchain/avr8/avr8-gnu-toolchain/bin/../lib/gcc/avr/5.4.0/avr5\libgcc.a(_clear_bss.o)
 .text.libgcc.prologue
                0x00000000        0x0 d:/programs/7.0/toolchain/avr8/avr8-gnu-toolchain/bin/../lib/gcc/avr/5.4.0/avr5\libgcc.a(_clear_bss.o)
 .text.libgcc.builtins
                0x00000000        0x0 d:/programs/7.0/toolchain/avr8/avr8-gnu-toolchain/bin/../lib/gcc/avr/5.4.0/avr5\libgcc.a(_clear_bss.o)
 .text.libgcc.fmul
                0x00000000        0x0 d:/programs/7.0/toolchain/avr8/avr8-gnu-toolchain/bin/../lib/gcc/avr/5.4.0/avr5\libgcc.a(_clear_bss.o)
 .text.libgcc.fixed
                0x00000000        0x0 d:/programs/7.0/toolchain/avr8/avr8-gnu-toolchain/bin/../lib/gcc/avr/5.4.0/avr5\libgcc.a(_clear_bss.o)
 .text          0x00000000        0x0 d:/programs/7.0/toolchain/avr8/avr8-gnu-toolchain/bin/../lib/gcc/avr/5.4.0/avr5\libgcc.a(_umulhisi3.o)
 .data          0x00000000        0x0 d:/programs/7.0/toolchain/avr8/avr8-gnu-toolchain/bin/../lib/gcc/avr/5.4.0/avr5\libgcc.a(_umulhisi3.o)
 .bss           0x00000000        0x0 d:/programs/7.0/toolchain/avr8/avr8-gnu-toolchain/bin/../lib/gcc/avr/5.4.0/avr5\libgcc.a(_umulhisi3.o)
 .text.libgcc.mul
                0x00000000       0x1e d:/programs/7.0/toolchain/avr8/avr8-gnu-toolchain/bin/../lib/gcc/avr/5.4.0/avr5\libgcc.a(_umulhisi3.o)
 .text.libgcc.div
                0x00000000        0x0 d:/programs/7.0/toolchain/avr8/avr8-gnu-toolchain/bin/../lib/gcc/avr/5.4.0/avr5\libgcc.a(_umulhisi3.o)
 .text.libgcc   0x00000000        0x0 d:/programs/7.0/toolchain/avr8/avr8-gnu-toolchain/bin/../lib/gcc/avr/5.4.0/avr5\libgcc.a(_umulhisi3.o)
 .text.libgcc.prologue
                0x00000000        0x0 d:/programs/7.0/toolchain/avr8/avr8-gnu-toolchain/bin/../lib/gcc/avr/5.4.0/avr5\libgcc.a(_umulhisi3.o)
 .text.libgcc.builtins
                0x00000000        0x0 d:/programs/7.0/toolchain/avr8/avr8-gnu-toolchain/bin/../lib/gcc/avr/5.4.0/avr5\libgcc.a(_umulhisi3.o)
 .text.libgcc.fmul
                0x00000000        0x0 d:/programs/7.0/toolchain/avr8/avr8-gnu-toolchain/bin/../lib/gcc/avr/5.4.0/avr5\libgcc.a(_umulhisi3.o)
 .text.libgcc.fixed
                0x00000000        0x0 d:/programs/7.0/toolchain/avr8/avr8-gnu-toolchain/bin/../lib/gcc/avr/5.4.0/avr5\libgcc.a(_umulhisi3.o)
 .text          0x00000000        0x0 d:/programs/7.0/toolchain/avr8/avr8-gnu-toolchain/bin/../lib/gcc/avr/5.4.0/avr5\libgcc.a(_muluhisi3.o)
 .data          0x00000000        0x0 d:/programs/7.0/toolchain/avr8/avr8-gnu-toolchain/bin/../lib/gcc/avr/5.4.0/avr5\libgcc.a(_muluhisi3.o)
 .bss           0x00000000        0x0 d:/programs/7.0/toolchain/avr8/avr8-gnu-toolchain/bin/../lib/gcc/avr/5.4.0/avr5\libgcc.a(_muluhisi3.o)
 .text.libgcc.mul
                0x00000000       0x16 d:/programs/7.0/toolchain/avr8/avr8-gnu-toolchain/bin/../lib/gcc/avr/5.4.0/avr5\libgcc.a(_muluhisi3.o)
 .text.libgcc.div
                0x00000000        0x0 d:/programs/7.0/toolchain/avr8/avr8-gnu-toolchain/bin/../lib/gcc/avr/5.4.0/avr5\libgcc.a(_muluhisi3.o)
 .text.libgcc   0x00000000        0x0 d:/programs/7.0/toolchain/avr8/avr8-gnu-toolchain/bin/../lib/gcc/avr/5.4.0/avr5\libgcc.a(_muluhisi3.o)
 .text.libgcc.prologue
                0x00000000        0x0 d:/programs/7.0/toolchain/avr8/avr8-gnu-toolchain/bin/../lib/gcc/avr/5.4.0/avr5\libgcc.a(_muluhisi3.o)
 .text.libgcc.builtins
                0x00000000        0x0 d:/programs/7.0/toolchain/avr8/avr8-gnu-toolchain/bin/../lib/gcc/avr/5.4.0/avr5\libgcc.a(_muluhisi3.o)
 .text.libgcc.fmul
                0x00000000        0x0 d:/programs/7.0/toolchain/avr8/avr8-gnu-toolchain/bin/../lib/gcc/avr/5.4.0/avr5\libgcc.a(_muluhisi3.o)
 .text.libgcc.fixed
                0x00000000        0x0 d:/programs/7.0/toolchain/avr8/avr8-gnu-toolchain/bin/../lib/gcc/avr/5.4.0/avr5\libgcc.a(_muluhisi3.o)
 .text          0x00000000        0x0 d:/programs/7.0/toolchain/avr8/avr8-gnu-toolchain/bin/../lib/gcc/avr/5.4.0/avr5\libgcc.a(_udivmodhi4.o)
 .data          0x00000000        0x0 d:/programs/7.0/toolchain/avr8/avr8-gnu-toolchain/bin/../lib/gcc/avr/5.4.0/avr5\libgcc.a(_udivmodhi4.o)
 .bss           0x00000000        0x0 d:/programs/7.0/toolchain/avr8/avr8-gnu-toolchain/bin/../lib/gcc/avr/5.4.0/avr5\libgcc.a(_udivmodhi4.o)
 .text.libgcc.mul
                0x00000000        0x0 d:/programs/7.0/toolchain/avr8/avr8-gnu-toolchain/bin/../lib/gcc/avr/5.4.0/avr5\libgcc.a(_udivmodhi4.o)
 .text.libgcc.div
                0x00000000       0x28 d:/programs/7.0/toolchain/avr8/avr8-gnu-toolchain/bin/../lib/gcc/avr/5.4.0/avr5\libgcc.a(_udivmodhi4.o)
 .text.libgcc   0x00000000        0x0 d:/programs/7.0/toolchain/avr8/avr8-gnu-toolchain/bin/../lib/gcc/avr/5.4.0/avr5\libgcc.a(_udivmodhi4.o)
 .text.libgcc.prologue
                0x00000000        0x0 d:/programs/7.0/toolchain/avr8/avr8-gnu-toolchain/bin/../lib/gcc/avr/5.4.0/avr5\libgcc.a(_udivmodhi4.o)
 .text.libgcc.builtins
                0x00000000        0x0 d:/programs/7.0/toolchain/avr8/avr8-gnu-toolchain/bin/../lib/gcc/avr/5.4.0/avr5\libgcc.a(_udivmodhi4.o)
 .text.libgcc.fmul
                0x00000000        0x0 d:/programs/7.0/toolchain/avr8/avr8-gnu-toolchain/bin/../lib/gcc/avr/5.4.0/avr5\libgcc.a(_udivmodhi4.o)
 .text.libgcc.fixed
                0x00000000        0x0 d:/programs/7.0/toolchain/avr8/avr8-gnu-toolchain/bin/../lib/gcc/avr/5.4.0/avr5\libgcc.a(_udivmodhi4.o)

Memory Configuration

Name             Origin             Length             Attributes
text             0x00000000         0x00008000         xr
data             0x00800060         0x00000800         rw !x
eeprom           0x00810000         0x00000400         rw !x
fuse             0x00820000         0x00000002         rw !x
lock             0x00830000         0x00000400         rw !x
signature        0x00840000         0x00000400         rw !x
user_signatures  0x00850000         0x00000400         rw !x
*default*        0x00000000         0xffffffff

Linker script and memory map

LOAD D:/Programs/7.0/Packs/atmel/ATmega_DFP/1.6.364/gcc/dev/atmega32/avr5/crtatmega32.o
LOAD App/main.o
LOAD App/Test.o
LOAD Hal/Bluetooth_HC05/Bluetooth_HC05.o
LOAD Hal/DcMotor/DcMotor.o
LOAD Hal/EEPROM/EEPROM.o
LOAD Hal/Keypad/Keypad.o
LOAD Hal/Lcd/Lcd.o
LOAD Hal/Led/Led.o
LOAD Hal/Lm35/Lm35.o
LOAD Hal/PushButton/PushButton.o
LOAD Hal/Servo/Servo.o
LOAD Hal/Ssd/Ssd.o
LOAD Hal/StepperMotor/StepperMotor.o
LOAD Mcal/ADC/ADC.o
LOAD Mcal/DIO/Dio.o
LOAD Mcal/ExtInt/ExtInt.o
LOAD Mcal/I2C/I2C.o
LOAD Mcal/SPI/SPI.o
LOAD Mcal/Timer0/Timer0.o
LOAD Mcal/Timer1/Timer1.o
LOAD Mcal/Timer2/Timer2.o
LOAD Mcal/UART/UART.o
LOAD Mcal/WDT/WDT.o
START GROUP
LOAD d:/programs/7.0/toolchain/avr8/avr8-gnu-toolchain/bin/../lib/gcc/avr/5.4.0/../../../../avr/lib/avr5\libm.a
END GROUP
START GROUP
LOAD d:/programs/7.0/toolchain/avr8/avr8-gnu-toolchain/bin/../lib/gcc/avr/5.4.0/avr5\libgcc.a
LOAD d:/programs/7.0/toolchain/avr8/avr8-gnu-toolchain/bin/../lib/gcc/avr/5.4.0/../../../../avr/lib/avr5\libm.a
LOAD d:/programs/7.0/toolchain/avr8/avr8-gnu-toolchain/bin/../lib/gcc/avr/5.4.0/../../../../avr/lib/avr5\libc.a
LOAD D:/Programs/7.0/Packs/atmel/ATmega_DFP/1.6.364/gcc/dev/atmega32/avr5\libatmega32.a
END GROUP
                0x00000000                __TEXT_REGION_ORIGIN__ = DEFINED (__TEXT_REGION_ORIGIN__)?__TEXT_REGION_ORIGIN__:0x0
                [0x00800060]                __DATA_REGION_ORIGIN__ = DEFINED (__DATA_REGION_ORIGIN__)?__DATA_REGION_ORIGIN__:0x800060
                [0x00008000]                __TEXT_REGION_LENGTH__ = DEFINED (__TEXT_REGION_LENGTH__)?__TEXT_REGION_LENGTH__:0x20000
                [0x00000800]                __DATA_REGION_LENGTH__ = DEFINED (__DATA_REGION_LENGTH__)?__DATA_REGION_LENGTH__:0xffa0
                [0x00000400]                __EEPROM_REGION_LENGTH__ = DEFINED (__EEPROM_REGION_LENGTH__)?__EEPROM_REGION_LENGTH__:0x10000
                [0x00000002]                __FUSE_REGION_LENGTH__ = DEFINED (__FUSE_REGION_LENGTH__)?__FUSE_REGION_LENGTH__:0x400
                0x00000400                __LOCK_REGION_LENGTH__ = DEFINED (__LOCK_REGION_LENGTH__)?__LOCK_REGION_LENGTH__:0x400
                0x00000400                __SIGNATURE_REGION_LENGTH__ = DEFINED (__SIGNATURE_REGION_LENGTH__)?__SIGNATURE_REGION_LENGTH__:0x400
                0x00000400                __USER_SIGNATURE_REGION_LENGTH__ = DEFINED (__USER_SIGNATURE_REGION_LENGTH__)?__USER_SIGNATURE_REGION_LENGTH__:0x400

.hash
 *(.hash)

.dynsym
 *(.dynsym)

.dynstr
 *(.dynstr)

.gnu.version
 *(.gnu.version)

.gnu.version_d
 *(.gnu.version_d)

.gnu.version_r
 *(.gnu.version_r)

.rel.init
 *(.rel.init)

.rela.init
 *(.rela.init)

.rel.text
 *(.rel.text)
 *(.rel.text.*)
 *(.rel.gnu.linkonce.t*)

.rela.text
 *(.rela.text)
 *(.rela.text.*)
 *(.rela.gnu.linkonce.t*)

.rel.fini
 *(.rel.fini)

.rela.fini
 *(.rela.fini)

.rel.rodata
 *(.rel.rodata)
 *(.rel.rodata.*)
 *(.rel.gnu.linkonce.r*)

.rela.rodata
 *(.rela.rodata)
 *(.rela.rodata.*)
 *(.rela.gnu.linkonce.r*)

.rel.data
 *(.rel.data)
 *(.rel.data.*)
 *(.rel.gnu.linkonce.d*)

.rela.data
 *(.rela.data)
 *(.rela.data.*)
 *(.rela.gnu.linkonce.d*)

.rel.ctors
 *(.rel.ctors)

.rela.ctors
 *(.rela.ctors)

.rel.dtors
 *(.rel.dtors)

.rela.dtors
 *(.rela.dtors)

.rel.got
 *(.rel.got)

.rela.got
 *(.rela.got)

.rel.bss
 *(.rel.bss)

.rela.bss
 *(.rela.bss)

.rel.plt
 *(.rel.plt)

.rela.plt
 *(.rela.plt)

.text           0x00000000      0x490
 *(.vectors)
 .vectors       0x00000000       0x54 D:/Programs/7.0/Packs/atmel/ATmega_DFP/1.6.364/gcc/dev/atmega32/avr5/crtatmega32.o
                0x00000000                __vector_default
                0x00000000                __vectors
 *(.vectors)
 *(.progmem.gcc*)
                0x00000054                . = ALIGN (0x2)
                0x00000054                __trampolines_start = .
 *(.trampolines)
 .trampolines   0x00000054        0x0 linker stubs
 *(.trampolines*)
                0x00000054                __trampolines_end = .
 *libprintf_flt.a:*(.progmem.data)
 *libc.a:*(.progmem.data)
 *(.progmem*)
                0x00000054                . = ALIGN (0x2)
 *(.jumptables)
 *(.jumptables*)
 *(.lowtext)
 *(.lowtext*)
                0x00000054                __ctors_start = .
 *(.ctors)
                0x00000054                __ctors_end = .
                0x00000054                __dtors_start = .
 *(.dtors)
                0x00000054                __dtors_end = .
 SORT(*)(.ctors)
 SORT(*)(.dtors)
 *(.init0)
 .init0         0x00000054        0x0 D:/Programs/7.0/Packs/atmel/ATmega_DFP/1.6.364/gcc/dev/atmega32/avr5/crtatmega32.o
                0x00000054                __init
 *(.init0)
 *(.init1)
 *(.init1)
 *(.init2)
 .init2         0x00000054        0xc D:/Programs/7.0/Packs/atmel/ATmega_DFP/1.6.364/gcc/dev/atmega32/avr5/crtatmega32.o
 *(.init2)
 *(.init3)
 *(.init3)
 *(.init4)
 .init4         0x00000060       0x16 d:/programs/7.0/toolchain/avr8/avr8-gnu-toolchain/bin/../lib/gcc/avr/5.4.0/avr5\libgcc.a(_copy_data.o)
                0x00000060                __do_copy_data
 .init4         0x00000076       0x10 d:/programs/7.0/toolchain/avr8/avr8-gnu-toolchain/bin/../lib/gcc/avr/5.4.0/avr5\libgcc.a(_clear_bss.o)
                0x00000076                __do_clear_bss
 *(.init4)
 *(.init5)
 *(.init5)
 *(.init6)
 *(.init6)
 *(.init7)
 *(.init7)
 *(.init8)
 *(.init8)
 *(.init9)
 .init9         0x00000086        0x8 D:/Programs/7.0/Packs/atmel/ATmega_DFP/1.6.364/gcc/dev/atmega32/avr5/crtatmega32.o
 *(.init9)
 *(.text)
 .text          0x0000008e        0x4 D:/Programs/7.0/Packs/atmel/ATmega_DFP/1.6.364/gcc/dev/atmega32/avr5/crtatmega32.o
                0x0000008e                __vector_12
                0x0000008e                __bad_interrupt
                0x0000008e                __vector_6
                0x0000008e                __vector_3
                0x0000008e                __vector_11
                0x0000008e                __vector_13
                0x0000008e                __vector_17
                0x0000008e                __vector_19
                0x0000008e                __vector_7
                0x0000008e                __vector_5
                0x0000008e                __vector_4
                0x0000008e                __vector_9
                0x0000008e                __vector_2
                0x0000008e                __vector_15
                0x0000008e                __vector_8
                0x0000008e                __vector_14
                0x0000008e                __vector_16
                0x0000008e                __vector_18
                0x0000008e                __vector_20
                0x00000092                . = ALIGN (0x2)
 *(.text.*)
 .text.main     0x00000092        0xe App/main.o
                0x00000092                main
 .text.H_StepperMotor_Init
                0x000000a0       0x22 Hal/StepperMotor/StepperMotor.o
                0x000000a0                H_StepperMotor_Init
 .text.H_StepperMotor_Start
                0x000000c2       0xba Hal/StepperMotor/StepperMotor.o
                0x000000c2                H_StepperMotor_Start
 .text.M_DIO_PinMode
                0x0000017c      0x112 Mcal/DIO/Dio.o
                0x0000017c                M_DIO_PinMode
 .text.M_DIO_PinWrite
                0x0000028e      0x112 Mcal/DIO/Dio.o
                0x0000028e                M_DIO_PinWrite
 .text.__vector_1
                0x000003a0       0x4e Mcal/ExtInt/ExtInt.o
                0x000003a0                __vector_1
 .text.__vector_10
                0x000003ee       0x9e Mcal/Timer0/Timer0.o
                0x000003ee                __vector_10
                0x0000048c                . = ALIGN (0x2)
 *(.fini9)
 .fini9         0x0000048c        0x0 d:/programs/7.0/toolchain/avr8/avr8-gnu-toolchain/bin/../lib/gcc/avr/5.4.0/avr5\libgcc.a(_exit.o)
                0x0000048c                _exit
                0x0000048c                exit
 *(.fini9)
 *(.fini8)
 *(.fini8)
 *(.fini7)
 *(.fini7)
 *(.fini6)
 *(.fini6)
 *(.fini5)
 *(.fini5)
 *(.fini4)
 *(.fini4)
 *(.fini3)
 *(.fini3)
 *(.fini2)
 *(.fini2)
 *(.fini1)
 *(.fini1)
 *(.fini0)
 .fini0         0x0000048c        0x4 d:/programs/7.0/toolchain/avr8/avr8-gnu-toolchain/bin/../lib/gcc/avr/5.4.0/avr5\libgcc.a(_exit.o)
 *(.fini0)
                0x00000490                _etext = .

.data           0x00800060        0x0 load address 0x00000490
                0x00800060                PROVIDE (__data_start, .)
 *(.data)
 *(.data*)
 *(.gnu.linkonce.d*)
 *(.rodata)
 *(.rodata*)
 *(.gnu.linkonce.r*)
                0x00800060                . = ALIGN (0x2)
                0x00800060                _edata = .
                0x00800060                PROVIDE (__data_end, .)

.bss            0x00800060        0xc
                0x00800060                PROVIDE (__bss_start, .)
 *(.bss)
 *(.bss*)
 .bss.ExtInt_void_Callback
                0x00800060        0x2 Mcal/ExtInt/ExtInt.o
                0x00800060                ExtInt_void_Callback
 .bss.Local_u32_Counter.1670
                0x00800062        0x4 Mcal/Timer0/Timer0.o
 .bss.Timer0_u32_NumOfCompMatch
                0x00800066        0x4 Mcal/Timer0/Timer0.o
                0x00800066                Timer0_u32_NumOfCompMatch
 .bss.Timer0_void_CallBack
                0x0080006a        0x2 Mcal/Timer0/Timer0.o
                0x0080006a                Timer0_void_CallBack
 *(COMMON)
                0x0080006c                PROVIDE (__bss_end, .)
                0x00000490                __data_load_start = LOADADDR (.data)
                0x00000490                __data_load_end = (__data_load_start + SIZEOF (.data))

.noinit         0x0080006c        0x0
                [!provide]                PROVIDE (__noinit_start, .)
 *(.noinit*)
                [!provide]                PROVIDE (__noinit_end, .)
                0x0080006c                _end = .
                [!provide]                PROVIDE (__heap_start, .)

.eeprom         0x00810000        0x0
 *(.eeprom*)
                0x00810000                __eeprom_end = .

.fuse
 *(.fuse)
 *(.lfuse)
 *(.hfuse)
 *(.efuse)

.lock
 *(.lock*)

.signature
 *(.signature*)

.user_signatures
 *(.user_signatures*)

.stab
 *(.stab)

.stabstr
 *(.stabstr)

.stab.excl
 *(.stab.excl)

.stab.exclstr
 *(.stab.exclstr)

.stab.index
 *(.stab.index)

.stab.indexstr
 *(.stab.indexstr)

.comment        0x00000000       0x30
 *(.comment)
 .comment       0x00000000       0x30 App/main.o
                                 0x31 (size before relaxing)
 .comment       0x00000030       0x31 Hal/StepperMotor/StepperMotor.o
 .comment       0x00000030       0x31 Mcal/DIO/Dio.o
 .comment       0x00000030       0x31 Mcal/ExtInt/ExtInt.o
 .comment       0x00000030       0x31 Mcal/Timer0/Timer0.o

.note.gnu.avr.deviceinfo
                0x00000000       0x3c
 .note.gnu.avr.deviceinfo
                0x00000000       0x3c D:/Programs/7.0/Packs/atmel/ATmega_DFP/1.6.364/gcc/dev/atmega32/avr5/crtatmega32.o

.note.gnu.build-id
 *(.note.gnu.build-id)

.debug
 *(.debug)

.line
 *(.line)

.debug_srcinfo
 *(.debug_srcinfo)

.debug_sfnames
 *(.debug_sfnames)

.debug_aranges  0x00000000      0x120
 *(.debug_aranges)
 .debug_aranges
                0x00000000       0x20 App/main.o
 .debug_aranges
                0x00000020       0x28 Hal/StepperMotor/StepperMotor.o
 .debug_aranges
                0x00000048       0x40 Mcal/DIO/Dio.o
 .debug_aranges
                0x00000088       0x30 Mcal/ExtInt/ExtInt.o
 .debug_aranges
                0x000000b8       0x68 Mcal/Timer0/Timer0.o

.debug_pubnames
 *(.debug_pubnames)

.debug_info     0x00000000      0xed8
 *(.debug_info .gnu.linkonce.wi.*)
 .debug_info    0x00000000      0x4e6 D:/Programs/7.0/Packs/atmel/ATmega_DFP/1.6.364/gcc/dev/atmega32/avr5/crtatmega32.o
 .debug_info    0x000004e6       0xd5 App/main.o
 .debug_info    0x000005bb      0x3c3 Hal/StepperMotor/StepperMotor.o
 .debug_info    0x0000097e      0x1fa Mcal/DIO/Dio.o
 .debug_info    0x00000b78       0xfb Mcal/ExtInt/ExtInt.o
 .debug_info    0x00000c73      0x265 Mcal/Timer0/Timer0.o

.debug_abbrev   0x00000000      0x8d7
 *(.debug_abbrev)
 .debug_abbrev  0x00000000      0x4a3 D:/Programs/7.0/Packs/atmel/ATmega_DFP/1.6.364/gcc/dev/atmega32/avr5/crtatmega32.o
 .debug_abbrev  0x000004a3       0x7f App/main.o
 .debug_abbrev  0x00000522      0x127 Hal/StepperMotor/StepperMotor.o
 .debug_abbrev  0x00000649       0xb8 Mcal/DIO/Dio.o
 .debug_abbrev  0x00000701       0xb3 Mcal/ExtInt/ExtInt.o
 .debug_abbrev  0x000007b4      0x123 Mcal/Timer0/Timer0.o

.debug_line     0x00000000      0x7dd
 *(.debug_line .debug_line.* .debug_line_end)
 .debug_line    0x00000000      0x116 D:/Programs/7.0/Packs/atmel/ATmega_DFP/1.6.364/gcc/dev/atmega32/avr5/crtatmega32.o
 .debug_line    0x00000116       0x6d App/main.o
 .debug_line    0x00000183      0x1d7 Hal/StepperMotor/StepperMotor.o
 .debug_line    0x0000035a      0x1e2 Mcal/DIO/Dio.o
 .debug_line    0x0000053c       0xa5 Mcal/ExtInt/ExtInt.o
 .debug_line    0x000005e1      0x1fc Mcal/Timer0/Timer0.o

.debug_frame    0x00000000      0x278
 *(.debug_frame)
 .debug_frame   0x00000000       0x24 App/main.o
 .debug_frame   0x00000024       0x40 Hal/StepperMotor/StepperMotor.o
 .debug_frame   0x00000064       0x64 Mcal/DIO/Dio.o
 .debug_frame   0x000000c8       0x8c Mcal/ExtInt/ExtInt.o
 .debug_frame   0x00000154      0x124 Mcal/Timer0/Timer0.o

.debug_str      0x00000000      0x647
 *(.debug_str)
 .debug_str     0x00000000      0x196 D:/Programs/7.0/Packs/atmel/ATmega_DFP/1.6.364/gcc/dev/atmega32/avr5/crtatmega32.o
 .debug_str     0x00000196      0x197 App/main.o
                                0x1cb (size before relaxing)
 .debug_str     0x0000032d       0x93 Hal/StepperMotor/StepperMotor.o
                                0x24b (size before relaxing)
 .debug_str     0x000003c0       0x84 Mcal/DIO/Dio.o
                                0x1fe (size before relaxing)
 .debug_str     0x00000444       0x6a Mcal/ExtInt/ExtInt.o
                                0x1f9 (size before relaxing)
 .debug_str     0x000004ae      0x199 Mcal/Timer0/Timer0.o
                                0x337 (size before relaxing)

.debug_loc      0x00000000      0x679
 *(.debug_loc)
 .debug_loc     0x00000000      0x12f Hal/StepperMotor/StepperMotor.o
 .debug_loc     0x0000012f      0x27a Mcal/DIO/Dio.o
 .debug_loc     0x000003a9       0xcb Mcal/ExtInt/ExtInt.o
 .debug_loc     0x00000474      0x205 Mcal/Timer0/Timer0.o

.debug_macinfo
 *(.debug_macinfo)

.debug_weaknames
 *(.debug_weaknames)

.debug_funcnames
 *(.debug_funcnames)

.debug_typenames
 *(.debug_typenames)

.debug_varnames
 *(.debug_varnames)

.debug_pubtypes
 *(.debug_pubtypes)

.debug_ranges   0x00000000       0xd0
 *(.debug_ranges)
 .debug_ranges  0x00000000       0x10 App/main.o
 .debug_ranges  0x00000010       0x18 Hal/StepperMotor/StepperMotor.o
 .debug_ranges  0x00000028       0x30 Mcal/DIO/Dio.o
 .debug_ranges  0x00000058       0x20 Mcal/ExtInt/ExtInt.o
 .debug_ranges  0x00000078       0x58 Mcal/Timer0/Timer0.o

.debug_macro
 *(.debug_macro)
OUTPUT(GccApplication1.elf elf32-avr)
LOAD linker stubs
